<?php return array (
  0 => 'Symfony\\Bundle\\FrameworkBundle\\Controller\\AbstractController',
  1 => 'App\\Controller\\AmortizacionController',
  2 => 'App\\Controller\\AsignarProductoController',
  3 => 'App\\Controller\\AyudaController',
  4 => 'App\\Controller\\BizumController',
  5 => 'App\\Controller\\DireccionRecogidaController',
  6 => 'App\\Controller\\EmpresaController',
  7 => 'App\\Controller\\EstadoController',
  8 => 'App\\Controller\\HistorialRetiroSaldoController',
  9 => 'App\\Controller\\IngresosSaldosController',
  10 => 'App\\Controller\\MetodoDePagoController',
  11 => 'App\\Controller\\NotificacionesController',
  12 => 'App\\Controller\\PackController',
  13 => 'App\\Controller\\PaypalController',
  14 => 'App\\Controller\\ProductoAgotadoController',
  15 => 'App\\Controller\\ProductoController',
  16 => 'App\\Controller\\RankingUsuariosController',
  17 => 'App\\Controller\\RegistroPagosController',
  18 => 'App\\Controller\\ResetPasswordController',
  19 => 'App\\Controller\\ResumenController',
  20 => 'App\\Controller\\RetirosSaldosAcumuladosController',
  21 => 'App\\Controller\\RoyaltiesAcumuladosController',
  22 => 'App\\Controller\\SecurityController',
  23 => 'App\\Controller\\ServicioController',
  24 => 'App\\Controller\\ServiciosAsignadosController',
  25 => 'App\\Controller\\SolicitarPagoRoyalAcumuladoController',
  26 => 'App\\Controller\\SolicitarRecogidaController',
  27 => 'App\\Controller\\TipoNotificacionController',
  28 => 'App\\Controller\\TransferenciaBancariaController',
  29 => 'App\\Controller\\UserController',
  30 => 'App\\Controller\\VentaProductosController',
  31 => 'App\\Controller\\VentaServiciosController',
  32 => 'App\\Controller\\VentasCanceladasController',
  33 => 'App\\Controller\\VentasController',
  34 => 'App\\Controller\\WesterunionController',
  35 => 'App\\Entity\\Ayuda',
  36 => 'App\\Entity\\Bizum',
  37 => 'App\\Entity\\DireccionRecogida',
  38 => 'App\\Entity\\Empresa',
  39 => 'App\\Entity\\EstadoFondo',
  40 => 'App\\Entity\\IngresoSaldo',
  41 => 'App\\Entity\\Notificacion',
  42 => 'App\\Entity\\Pack',
  43 => 'App\\Entity\\PackProducto',
  44 => 'App\\Entity\\Paypal',
  45 => 'App\\Entity\\Producto',
  46 => 'App\\Entity\\ProductoAmortizacion',
  47 => 'App\\Entity\\ResetPasswordRequest',
  48 => 'App\\Entity\\RetiroSaldo',
  49 => 'App\\Entity\\SolicitarPagoRoyalAcumulado',
  50 => 'App\\Entity\\SolicitarRecogida',
  51 => 'App\\Entity\\TipoNotificacion',
  52 => 'App\\Entity\\TransferenciaBancaria',
  53 => 'App\\Entity\\User',
  54 => 'App\\Entity\\Venta',
  55 => 'App\\Entity\\VentaCancelada',
  56 => 'App\\Entity\\VentaProducto',
  57 => 'App\\Entity\\Westerunion',
  58 => 'Doctrine\\Bundle\\DoctrineBundle\\Controller\\ProfilerController',
  59 => 'Doctrine\\ORM\\Cache\\Persister\\Entity\\AbstractEntityPersister',
  60 => 'Doctrine\\ORM\\Cache\\Persister\\Entity\\CachedEntityPersister',
  61 => 'Doctrine\\ORM\\Cache\\Persister\\Entity\\NonStrictReadWriteCachedEntityPersister',
  62 => 'Doctrine\\ORM\\Cache\\Persister\\Entity\\ReadOnlyCachedEntityPersister',
  63 => 'Doctrine\\ORM\\Cache\\Persister\\Entity\\ReadWriteCachedEntityPersister',
  64 => 'Doctrine\\ORM\\Persisters\\Entity\\AbstractEntityInheritancePersister',
  65 => 'Doctrine\\ORM\\Persisters\\Entity\\BasicEntityPersister',
  66 => 'Doctrine\\ORM\\Persisters\\Entity\\CachedPersisterContext',
  67 => 'Doctrine\\ORM\\Persisters\\Entity\\EntityPersister',
  68 => 'Doctrine\\ORM\\Persisters\\Entity\\JoinedSubclassPersister',
  69 => 'Doctrine\\ORM\\Persisters\\Entity\\SingleTablePersister',
  70 => 'FOS\\JsRoutingBundle\\Controller\\Controller',
  71 => 'Gregwar\\CaptchaBundle\\Controller\\CaptchaController',
  72 => 'SymfonyCasts\\Bundle\\ResetPassword\\Controller\\ResetPasswordControllerTrait',
  74 => 'Symfony\\Bundle\\FrameworkBundle\\Controller\\ControllerResolver',
  75 => 'Symfony\\Bundle\\FrameworkBundle\\Controller\\RedirectController',
  76 => 'Symfony\\Bundle\\FrameworkBundle\\Controller\\TemplateController',
  77 => 'Symfony\\Bundle\\WebProfilerBundle\\Controller\\ExceptionPanelController',
  78 => 'Symfony\\Bundle\\WebProfilerBundle\\Controller\\ProfilerController',
  79 => 'Symfony\\Bundle\\WebProfilerBundle\\Controller\\RouterController',
  80 => 'Symfony\\Component\\HttpKernel\\Controller\\ArgumentResolver',
  81 => 'Symfony\\Component\\HttpKernel\\Controller\\ArgumentResolverInterface',
  82 => 'Symfony\\Component\\HttpKernel\\Controller\\ArgumentResolver\\DefaultValueResolver',
  83 => 'Symfony\\Component\\HttpKernel\\Controller\\ArgumentResolver\\NotTaggedControllerValueResolver',
  84 => 'Symfony\\Component\\HttpKernel\\Controller\\ArgumentResolver\\RequestAttributeValueResolver',
  85 => 'Symfony\\Component\\HttpKernel\\Controller\\ArgumentResolver\\RequestValueResolver',
  86 => 'Symfony\\Component\\HttpKernel\\Controller\\ArgumentResolver\\ServiceValueResolver',
  87 => 'Symfony\\Component\\HttpKernel\\Controller\\ArgumentResolver\\SessionValueResolver',
  88 => 'Symfony\\Component\\HttpKernel\\Controller\\ArgumentResolver\\TraceableValueResolver',
  89 => 'Symfony\\Component\\HttpKernel\\Controller\\ArgumentResolver\\VariadicValueResolver',
  90 => 'Symfony\\Component\\HttpKernel\\Controller\\ArgumentValueResolverInterface',
  91 => 'Symfony\\Component\\HttpKernel\\Controller\\ContainerControllerResolver',
  92 => 'Symfony\\Component\\HttpKernel\\Controller\\ControllerReference',
  93 => 'Symfony\\Component\\HttpKernel\\Controller\\ControllerResolver',
  94 => 'Symfony\\Component\\HttpKernel\\Controller\\ControllerResolverInterface',
  95 => 'Symfony\\Component\\HttpKernel\\Controller\\ErrorController',
  96 => 'Symfony\\Component\\HttpKernel\\Controller\\TraceableArgumentResolver',
  97 => 'Symfony\\Component\\HttpKernel\\Controller\\TraceableControllerResolver',
  98 => 'Symfony\\Component\\Security\\Http\\Controller\\UserValueResolver',
);